================================================================================
STARTING MULTI-FORMAT DOCUMENT INTAKE DEMO
Libraries: pypdf available=True | beautifulsoup4 available=True
================================================================================
Scanning directory 'data' for documents...
  [OK] recall_report.html (.html): 512 chars | Preview: 'MANDATORY SAFETY RECALL NOTICE Recall ID: RCL-23-088B Compon'
  [OK] sample_manual.txt (.txt): 884 chars | Preview: 'AUTOMOTIVE SERVICE REPAIR MANUAL - MANUAL ID: MNL-24-001 VEH'
  [OK] tsb_notice.md (.md): 642 chars | Preview: '# TECHNICAL SERVICE BULLETIN (TSB-22-112) **Subject:** Wirin'

--- INTAKE SUMMARY METRICS ---
Total Successfully Ingested Documents: 3
Total Skipped Files: 0
Total Corpus Character Volume: 2038 characters
Format Breakdown: {'.html': 1, '.txt': 1, '.md': 1}

--- INGESTED DOCUMENTS PREVIEW ---
Document #1: 'recall_report.html' [.html]
  Path: data\recall_report.html
  Character Length: 512 chars
  Text Preview: 'MANDATORY SAFETY RECALL NOTICE Recall ID: RCL-23-088B Compon'
----------------------------------------
Document #2: 'sample_manual.txt' [.txt]
  Path: data\sample_manual.txt
  Character Length: 884 chars
  Text Preview: 'AUTOMOTIVE SERVICE REPAIR MANUAL - MANUAL ID: MNL-24-001 VEH'
----------------------------------------
Document #3: 'tsb_notice.md' [.md]
  Path: data\tsb_notice.md
  Character Length: 642 chars
  Text Preview: '# TECHNICAL SERVICE BULLETIN (TSB-22-112) **Subject:** Wirin'
----------------------------------------
================================================================================
DOCUMENT INTAKE COMPLETED. Summary saved to outputs/document_intake_summary.log
================================================================================
2026-08-31 13:30:27,756 [INFO] ================================================================================
2026-08-31 13:30:27,757 [INFO] STARTING MULTI-FORMAT DOCUMENT INTAKE DEMO
2026-08-31 13:30:27,757 [INFO] Libraries: pypdf available=False | beautifulsoup4 available=True
2026-08-31 13:30:27,757 [INFO] ================================================================================
2026-08-31 13:30:27,758 [INFO] Scanning directory 'data' for documents...
2026-08-31 13:30:27,781 [INFO]   [OK] recall_report.html (.html): 698 chars | Preview: 'SAFETY RECALL NOTICE - RCL-23-088B MANDATORY SAFETY RECALL N'
2026-08-31 13:30:27,798 [INFO]   [OK] sample_manual.txt (.txt): 934 chars | Preview: 'AUTOMOTIVE SERVICE REPAIR MANUAL - MANUAL ID: MNL-24-001\nVEH'
2026-08-31 13:30:27,814 [INFO]   [OK] tsb_notice.md (.md): 825 chars | Preview: '# TECHNICAL SERVICE BULLETIN (TSB-22-112)\n\n**Subject:** Wiri'
2026-08-31 13:30:27,814 [INFO] 
--- INTAKE SUMMARY METRICS ---
2026-08-31 13:30:27,814 [INFO] Total Successfully Ingested Documents: 3
2026-08-31 13:30:27,814 [INFO] Total Skipped Files: 0
2026-08-31 13:30:27,814 [INFO] Total Corpus Character Volume: 2457 characters
2026-08-31 13:30:27,815 [INFO] Format Breakdown: {'.html': 1, '.txt': 1, '.md': 1}
2026-08-31 13:30:27,815 [INFO] 
--- INGESTED DOCUMENTS PREVIEW ---
2026-08-31 13:30:27,815 [INFO] Document #1: 'recall_report.html' [.html]
2026-08-31 13:30:27,815 [INFO]   Path: data\recall_report.html
2026-08-31 13:30:27,815 [INFO]   Character Length: 698 chars
2026-08-31 13:30:27,815 [INFO]   Text Preview: 'SAFETY RECALL NOTICE - RCL-23-088B MANDATORY SAFETY RECALL N'
2026-08-31 13:30:27,815 [INFO] ----------------------------------------
2026-08-31 13:30:27,815 [INFO] Document #2: 'sample_manual.txt' [.txt]
2026-08-31 13:30:27,816 [INFO]   Path: data\sample_manual.txt
2026-08-31 13:30:27,816 [INFO]   Character Length: 934 chars
2026-08-31 13:30:27,816 [INFO]   Text Preview: 'AUTOMOTIVE SERVICE REPAIR MANUAL - MANUAL ID: MNL-24-001\nVEH'
2026-08-31 13:30:27,816 [INFO] ----------------------------------------
2026-08-31 13:30:27,816 [INFO] Document #3: 'tsb_notice.md' [.md]
2026-08-31 13:30:27,817 [INFO]   Path: data\tsb_notice.md
2026-08-31 13:30:27,817 [INFO]   Character Length: 825 chars
2026-08-31 13:30:27,817 [INFO]   Text Preview: '# TECHNICAL SERVICE BULLETIN (TSB-22-112)\n\n**Subject:** Wiri'
2026-08-31 13:30:27,817 [INFO] ----------------------------------------
2026-08-31 13:30:27,817 [INFO] ================================================================================
2026-08-31 13:30:27,817 [INFO] DOCUMENT INTAKE COMPLETED. Summary saved to outputs\document_intake_summary.log
2026-08-31 13:30:27,817 [INFO] ================================================================================
