================================================================================
STARTING MULTI-TURN CONVERSATION HISTORY & TRIMMING DEMO
================================================================================

=== DEMO 1: Multi-Turn Conversation with FIFO Trimming (Budget = 180 tokens) ===

--- Turn 1 ---
--- REQUEST TURN (Tokens: 52 / Budget: 180) ---
Latest User Message: 'Vehicle loaded. VIN: 1G1RC6E4XGU123456. Diagnostic code P0300 reported.'
Assistant Reply:
Vehicle context loaded for VIN 1G1RC6E4XGU123456 with fault code P0300 (Random/Multiple Cylinder Misfire). Ready to inspect ignition coils, fuel pressure, and vacuum leaks.
Turn Usage: Prompt = 52, Completion = 38, Total = 90

--- Turn 2 ---
--- REQUEST TURN (Tokens: 104 / Budget: 180) ---
Latest User Message: 'What is the first recommended diagnostic check for code P0300?'
Assistant Reply:
First, inspect the ignition coils and spark plugs on affected cylinders for wear or fouling, then test fuel pressure.
Turn Usage: Prompt = 104, Completion = 24, Total = 128

--- Turn 3 ---
--- REQUEST TURN (Tokens: 146 / Budget: 180) ---
Latest User Message: 'Where are the Bank 1 ignition coils located on this engine?'
Assistant Reply:
Bank 1 ignition coils are located on the right (passenger side) bank of the V-engine (cylinders 1, 3, and 5).
Turn Usage: Prompt = 146, Completion = 28, Total = 174

--- Turn 4 ---
⚠️ TOKEN BUDGET EXCEEDED: Current tokens (192) > Budget (180). Triggering strategy: TRIM
  [TRIM] Dropped oldest message: role='user', content='Vehicle loaded. VIN: 1G1RC6...'
  [TRIM] Dropped oldest message: role='assistant', content='Vehicle context loaded for VIN...'
  [TRIM COMPLETED] Removed 2 turns. New token count: 122 tokens.
--- REQUEST TURN (Tokens: 122 / Budget: 180) ---
Latest User Message: 'What is the primary resistance specification for Bank 1 coils?'
Assistant Reply:
The primary resistance specification for Bank 1 ignition coils is 0.4 to 0.6 ohms across terminals 1 and 2.
Turn Usage: Prompt = 122, Completion = 26, Total = 148

--- Turn 5 ---
⚠️ TOKEN BUDGET EXCEEDED: Current tokens (184) > Budget (180). Triggering strategy: TRIM
  [TRIM] Dropped oldest message: role='user', content='What is the first recommended ...'
  [TRIM] Dropped oldest message: role='assistant', content='First, inspect the ignition co...'
  [TRIM COMPLETED] Removed 2 turns. New token count: 130 tokens.
--- REQUEST TURN (Tokens: 130 / Budget: 180) ---
Latest User Message: 'Is there a known wiring harness recall for connector C102?'
Assistant Reply:
Yes, technical service bulletin TSB-22-112 highlights potential corrosion issues on connector C102 affecting this VIN range.
Turn Usage: Prompt = 130, Completion = 28, Total = 158

--- Turn 6 ---
⚠️ TOKEN BUDGET EXCEEDED: Current tokens (196) > Budget (180). Triggering strategy: TRIM
  [TRIM] Dropped oldest message: role='user', content='Where are the Bank 1 ignition ...'
  [TRIM] Dropped oldest message: role='assistant', content='Bank 1 ignition coils are loca...'
  [TRIM COMPLETED] Removed 2 turns. New token count: 138 tokens.
--- REQUEST TURN (Tokens: 138 / Budget: 180) ---
Latest User Message: 'What safety steps should I follow before disconnecting the battery?'
Assistant Reply:
Disconnect the negative battery terminal first and wait 5 minutes to allow internal capacitors to discharge before servicing electrical harnesses.
Turn Usage: Prompt = 138, Completion = 26, Total = 164

=== DEMO 2: Multi-Turn Conversation with Summarization Strategy ===
⚠️ TOKEN BUDGET EXCEEDED: Current tokens (192) > Budget (180). Triggering strategy: SUMMARIZE
  [SUMMARIZATION COMPLETED] Replaced 4 old turns with summary block. New token count: 86 tokens.
--- Summary Turn 3 ---
--- REQUEST TURN (Tokens: 86 / Budget: 180) ---
Latest User Message: 'Where are the Bank 1 ignition coils located on this engine?'
Assistant Reply:
Bank 1 ignition coils are located on the right (passenger side) bank of the engine.
Turn Usage: Prompt = 86, Completion = 20, Total = 106

================================================================================
MULTI-TURN HISTORY DEMO COMPLETED. Log saved to outputs/history_management_demo.log
================================================================================
