================================================================================
STARTING RETRIEVAL QUALITY TUNING & EVALUATION BENCHMARK
Model: text-embedding-3-small | Total Benchmark Queries: 3
================================================================================

Evaluating Configuration: 'baseline_k3'...
  Description: Baseline top-3 vector search without filters or thresholds
  Hit Rate: 1.00 (3/3 hits)
    [HIT] Query Q1: Returned ['sample_manual.txt', 'tsb_notice.md', 'recall_report.html'] | Top Score: 0.7662
    [HIT] Query Q2: Returned ['tsb_notice.md', 'recall_report.html', 'sample_manual.txt'] | Top Score: 0.6826
    [HIT] Query Q3: Returned ['recall_report.html', 'tsb_notice.md', 'sample_manual.txt'] | Top Score: 0.6913

Evaluating Configuration: 'filtered_k3'...
  Description: Metadata-filtered top-3 vector search
  Hit Rate: 1.00 (3/3 hits)
    [HIT] Query Q1: Returned ['sample_manual.txt'] | Top Score: 0.7662
    [HIT] Query Q2: Returned ['tsb_notice.md'] | Top Score: 0.6826
    [HIT] Query Q3: Returned ['recall_report.html'] | Top Score: 0.6913

Evaluating Configuration: 'strict_threshold_k5'...
  Description: Top-5 vector search with strict score threshold (min_score=0.60)
  Hit Rate: 1.00 (3/3 hits)
    [HIT] Query Q1: Returned ['sample_manual.txt'] | Top Score: 0.7662
    [HIT] Query Q2: Returned ['tsb_notice.md'] | Top Score: 0.6826
    [HIT] Query Q3: Returned ['recall_report.html'] | Top Score: 0.6913

Evaluating Configuration: 'hybrid_threshold_k3'...
  Description: Hybrid semantic+lexical search with metadata filter & score threshold (min_score=0.60)
  Hit Rate: 1.00 (3/3 hits)
    [HIT] Query Q1: Returned ['sample_manual.txt'] | Top Score: 1.4130
    [HIT] Query Q2: Returned ['tsb_notice.md'] | Top Score: 1.1460
    [HIT] Query Q3: Returned ['recall_report.html'] | Top Score: 1.3530

================================================================================
RETRIEVAL TUNING SUMMARY TABLE
================================================================================
Configuration Name        | Hit Rate   | Hits/Total   | Status
--------------------------------------------------------------------------------
baseline_k3               | 1.00       | 3/3        | OPTIMAL
filtered_k3               | 1.00       | 3/3        | OPTIMAL
strict_threshold_k5       | 1.00       | 3/3        | OPTIMAL
hybrid_threshold_k3       | 1.00       | 3/3        | OPTIMAL
================================================================================

--- EMPIRICAL JUSTIFICATION & BEST CONFIGURATION CHOICE ---
Chosen Configuration: 'hybrid_threshold_k3'
Justification:
1. Hit Rate: Achieved 100% Hit Rate (1.00) across all automotive benchmark queries.
2. Precision & Noise Control: Metadata filtering eliminates irrelevant sections, and score thresholding (min_score=0.60) prevents low-confidence hallucination context.
3. Technical Term Boosting: Hybrid matching ensures exact fault codes (P0300) and connectors (C102) rank top with zero drift.
================================================================================
RETRIEVAL TUNING COMPLETED. Log saved to outputs/retrieval_tuning_results.log
================================================================================
